==============================================================================
TestCases
==============================================================================
TestCases.GetAllLinks
==============================================================================
GetAllLinksTest                                                       31
FORMY
Form
Components














Autocomplete
Buttons
Checkbox
Datepicker
Drag and Drop
Dropdown
Enabled and disabled elements
File Upload
Key and Mouse Press
Modal
Page Scroll
Radio Button
Switch Window
Complete Web Form
| PASS |
------------------------------------------------------------------------------
TestCases.GetAllLinks                                                 | PASS |
1 test, 1 passed, 0 failed
==============================================================================
TestCases                                                             | PASS |
1 test, 1 passed, 0 failed
==============================================================================
Output:  C:\Users\anil.k\PycharmProjects\Auto\pabot_results\7\output.xml
