2026-10-03 11:09:49.004857 ==============================================================================
2026-10-03 11:09:49.039771 TestCases
2026-10-03 11:09:49.039771 ==============================================================================
2026-10-03 11:09:49.679587 TestCases.GetAllLinks
2026-10-03 11:09:49.727229 ==============================================================================
2026-10-03 11:09:54.294989 GetAllLinksTest                                                       31
2026-10-03 11:09:54.322593 FORMY
2026-10-03 11:09:54.352202 Form
2026-10-03 11:09:54.373698 Components
2026-10-03 11:09:54.395814 
2026-10-03 11:09:54.412410 
2026-10-03 11:09:54.427872 
2026-10-03 11:09:54.449018 
2026-10-03 11:09:54.468125 
2026-10-03 11:09:54.486183 
2026-10-03 11:09:54.503292 
2026-10-03 11:09:54.522803 
2026-10-03 11:09:54.544368 
2026-10-03 11:09:54.561044 
2026-10-03 11:09:54.579014 
2026-10-03 11:09:54.594995 
2026-10-03 11:09:54.612046 
2026-10-03 11:09:54.627024 
2026-10-03 11:09:54.644239 Autocomplete
2026-10-03 11:09:54.660263 Buttons
2026-10-03 11:09:54.676822 Checkbox
2026-10-03 11:09:54.694049 Datepicker
2026-10-03 11:09:54.714055 Drag and Drop
2026-10-03 11:09:54.732449 Dropdown
2026-10-03 11:09:54.749030 Enabled and disabled elements
2026-10-03 11:09:54.766124 File Upload
2026-10-03 11:09:54.781643 Key and Mouse Press
2026-10-03 11:09:54.798967 Modal
2026-10-03 11:09:54.815431 Page Scroll
2026-10-03 11:09:54.829643 Radio Button
2026-10-03 11:09:54.844331 Switch Window
2026-10-03 11:09:54.858397 Complete Web Form
2026-10-03 11:09:54.877019 | PASS |
2026-10-03 11:09:54.877019 ------------------------------------------------------------------------------
2026-10-03 11:09:54.877019 TestCases.GetAllLinks                                                 | PASS |
2026-10-03 11:09:54.878012 1 test, 1 passed, 0 failed
2026-10-03 11:09:54.878012 ==============================================================================
2026-10-03 11:09:54.878012 TestCases                                                             | PASS |
2026-10-03 11:09:54.878012 1 test, 1 passed, 0 failed
2026-10-03 11:09:54.878012 ==============================================================================
2026-10-03 11:09:54.878012 Output:  C:\Users\anil.k\PycharmProjects\Auto\pabot_results\7\output.xml
